✖ Department Assignment Rules - CRUD & Logic (251.72675ms)
✖ /Users/haziqafendi/Desktop/development/JKS-IT-Hub/tests/api/department_assignment.test.mjs (0.21675ms)
✖ tests/api/department_assignment.test.mjs (3813.269667ms)
ℹ tests 3
ℹ suites 0
ℹ pass 0
ℹ fail 2
ℹ cancelled 1
ℹ skipped 0
ℹ todo 0
ℹ duration_ms 3817.557334

✖ failing tests:

test at tests/api/department_assignment.test.mjs:104:1
✖ Department Assignment Rules - CRUD & Logic (251.72675ms)
  PrismaClientValidationError: 
  Invalid `prisma.user.create()` invocation:
  
  {
    data: {
      username: "it-admin-c0295e99-214d-414a-916f-7d4c8dc0c882",
      role: "it",
      status: "active",
      displayName: "IT Admin",
      ~~~~~~~~~~~
  ?   id?: String,
  ?   ldapDn?: String | Null,
  ?   ldapAttributes?: NullableJsonNullValueInput | Json,
  ?   ldapSyncedAt?: DateTime | Null,
  ?   createdAt?: DateTime,
  ?   updatedAt?: DateTime,
  ?   ldapSyncRuns?: LdapSyncRunCreateNestedManyWithoutTriggeredByUserInput,
  ?   auditLogs?: AuditLogCreateNestedManyWithoutActorUserInput,
  ?   credentialTemplates?: CredentialTemplateCreateNestedManyWithoutCreatedByUserInput,
  ?   credentials?: UserCredentialCreateNestedManyWithoutUserInput,
  ?   generatedCredentials?: UserCredentialCreateNestedManyWithoutGeneratedByUserInput,
  ?   credentialVersions?: CredentialVersionCreateNestedManyWithoutCreatedByUserInput,
  ?   lockedCredentials?: LockedCredentialCreateNestedManyWithoutUserInput,
  ?   createdMaintenanceWindows?: MaintenanceWindowCreateNestedManyWithoutCreatedByInput,
  ?   assignmentTechnicians?: DepartmentAssignmentTechnicianCreateNestedManyWithoutUserInput,
  ?   assignedMaintenanceWindows?: MaintenanceWindowCreateNestedManyWithoutAssignedToInput,
  ?   completedMaintenance?: MaintenanceCompletionCreateNestedManyWithoutCompletedByInput,
  ?   submittedRequests?: ItemRequestCreateNestedManyWithoutRequesterInput,
  ?   reviewedRequests?: ItemRequestCreateNestedManyWithoutItReviewedByInput,
  ?   approvedRequests?: ItemRequestCreateNestedManyWithoutApprovedByInput,
  ?   notifications?: EmailNotificationCreateNestedManyWithoutRecipientUserInput,
  ?   inAppNotifications?: InAppNotificationCreateNestedManyWithoutUserInput
    }
  }
  
  Unknown argument `displayName`. Available options are marked with ?.
      at rr (/Users/haziqafendi/Desktop/development/JKS-IT-Hub/apps/api/src/generated/prisma/runtime/client.js:14:1379)
      at Vr.handleRequestError (/Users/haziqafendi/Desktop/development/JKS-IT-Hub/apps/api/src/generated/prisma/runtime/client.js:69:7815)
      at Vr.handleAndLogRequestError (/Users/haziqafendi/Desktop/development/JKS-IT-Hub/apps/api/src/generated/prisma/runtime/client.js:69:7467)
      at Vr.request (/Users/haziqafendi/Desktop/development/JKS-IT-Hub/apps/api/src/generated/prisma/runtime/client.js:69:7174)
      at process.processTicksAndRejections (node:internal/process/task_queues:103:5)
      at async a (/Users/haziqafendi/Desktop/development/JKS-IT-Hub/apps/api/src/generated/prisma/runtime/client.js:79:5816)
      at async TestContext.<anonymous> (file:///Users/haziqafendi/Desktop/development/JKS-IT-Hub/tests/api/department_assignment.test.mjs:31:14)
      at async TestHook.run (node:internal/test_runner/test:1113:7)

test at tests/api/department_assignment.test.mjs:87:1
✖ /Users/haziqafendi/Desktop/development/JKS-IT-Hub/tests/api/department_assignment.test.mjs (0.21675ms)
  TypeError: Cannot read properties of undefined (reading 'id')
      at TestContext.<anonymous> (file:///Users/haziqafendi/Desktop/development/JKS-IT-Hub/tests/api/department_assignment.test.mjs:90:38)
      at TestHook.runInAsyncScope (node:async_hooks:214:14)
      at TestHook.run (node:internal/test_runner/test:1106:25)
      at TestHook.run (node:internal/test_runner/test:1427:18)
      at TestHook.run (node:internal/util:584:20)
      at Test.runHook (node:internal/test_runner/test:1024:20)
      at after (node:internal/test_runner/test:1064:20)
      at Test.run (node:internal/test_runner/test:1132:13)
      at process.processTicksAndRejections (node:internal/process/task_queues:103:5)

test at tests/api/department_assignment.test.mjs:1:1
✖ tests/api/department_assignment.test.mjs (3813.269667ms)
  'Promise resolution is still pending but the event loop has already resolved'
